#-----------------------------------------------------------
# Vivado v2016.4 (64-bit)
# SW Build 1756540 on Mon Jan 23 19:11:23 MST 2017
# IP Build 1755317 on Mon Jan 23 20:30:07 MST 2017
# Start of session at: Tue Sep 19 13:28:04 2017
# Process ID: 8180
# Current directory: D:/Development/SEUD-MIST/SEUD/4_SDRTMRController/artix_sdram_demo/artix_sdram_demo.runs/avs_testbench_axi_traffic_gen_0_0_synth_1
# Command line: vivado.exe -log avs_testbench_axi_traffic_gen_0_0.vds -product Vivado -mode batch -messageDb vivado.pb -notrace -source avs_testbench_axi_traffic_gen_0_0.tcl
# Log file: D:/Development/SEUD-MIST/SEUD/4_SDRTMRController/artix_sdram_demo/artix_sdram_demo.runs/avs_testbench_axi_traffic_gen_0_0_synth_1/avs_testbench_axi_traffic_gen_0_0.vds
# Journal file: D:/Development/SEUD-MIST/SEUD/4_SDRTMRController/artix_sdram_demo/artix_sdram_demo.runs/avs_testbench_axi_traffic_gen_0_0_synth_1\vivado.jou
#-----------------------------------------------------------
source avs_testbench_axi_traffic_gen_0_0.tcl -notrace
