Copyright 1986-2016 Xilinx, Inc. All Rights Reserved.
-----------------------------------------------------------------------------------------------
| Tool Version : Vivado v.2016.4 (win64) Build 1756540 Mon Jan 23 19:11:23 MST 2017
| Date         : Fri Oct 20 02:53:41 2017
| Host         : EMA-VAIO running 64-bit major release  (build 9200)
| Command      : report_clock_utilization -file DemoSDRAM_wrapper_clock_utilization_routed.rpt
| Design       : DemoSDRAM_wrapper
| Device       : 7a200t-fbg676
| Speed File   : -1  PRODUCTION 1.16 2016-11-09
-----------------------------------------------------------------------------------------------

Clock Utilization Report

Table of Contents
-----------------
1. Clock Primitive Utilization
2. Global Clock Resources
3. Global Clock Source Details
4. Clock Regions: Key Resource Utilization
5. Clock Regions : Global Clock Summary
6. Cell Type Counts per Global Clock: Region X1Y0
7. Cell Type Counts per Global Clock: Region X0Y1
8. Cell Type Counts per Global Clock: Region X1Y1
9. Cell Type Counts per Global Clock: Region X0Y2
10. Cell Type Counts per Global Clock: Region X1Y2
11. Cell Type Counts per Global Clock: Region X1Y3
12. Cell Type Counts per Global Clock: Region X0Y4
13. Load Cell Placement Summary for Global Clock g0
14. Load Cell Placement Summary for Global Clock g1
15. Load Cell Placement Summary for Global Clock g2
16. Load Cell Placement Summary for Global Clock g3
17. Load Cell Placement Summary for Global Clock g4
18. Load Cell Placement Summary for Global Clock g5
19. Load Cell Placement Summary for Global Clock g6
20. Load Cell Placement Summary for Global Clock g7

1. Clock Primitive Utilization
------------------------------

+----------+------+-----------+-----+--------------+--------+
| Type     | Used | Available | LOC | Clock Region | Pblock |
+----------+------+-----------+-----+--------------+--------+
| BUFGCTRL |    6 |        32 |   0 |            0 |      0 |
| BUFH     |    2 |       120 |   0 |            0 |      0 |
| BUFIO    |    0 |        40 |   0 |            0 |      0 |
| BUFMR    |    0 |        20 |   0 |            0 |      0 |
| BUFR     |    0 |        40 |   0 |            0 |      0 |
| MMCM     |    2 |        10 |   0 |            0 |      0 |
| PLL      |    0 |        10 |   0 |            0 |      0 |
+----------+------+-----------+-----+--------------+--------+


2. Global Clock Resources
-------------------------

+-----------+-----------+-----------------+------------+---------------+--------------+------+-------------------+-------------------+-------------+-----------------+--------------+-------------------------------------------------------------------------+----------------------------------------------------------------------+-------------------------------------------------------------------+
| Global Id | Source Id | Driver Type/Pin | Constraint | Site          | Clock Region | Root | Clock Delay Group | Load Clock Region | Clock Loads | Non-Clock Loads | Clock Period | Clock                                                                   | Driver Pin                                                           | Net                                                               |
+-----------+-----------+-----------------+------------+---------------+--------------+------+-------------------+-------------------+-------------+-----------------+--------------+-------------------------------------------------------------------------+----------------------------------------------------------------------+-------------------------------------------------------------------+
| g0        | src0      | BUFGCTRL/O      | None       | BUFGCTRL_X0Y0 | n/a          |      |                   |                 7 |        7389 |               0 |       20.833 | clk_blaze_DemoSDRAM_clk_wiz_1_0                                         | DemoSDRAM_i/clk_wiz_1/inst/clkout1_buf/O                             | DemoSDRAM_i/clk_wiz_1/inst/clk_blaze                              |
| g1        | src0      | BUFH/O          | None       | BUFHCE_X0Y12  | X0Y1         |      |                   |                 1 |           8 |               0 |       20.833 | clk_blaze_DemoSDRAM_clk_wiz_1_0                                         | DemoSDRAM_i/clk_wiz_1/inst/clkout1_buf_en/O                          | DemoSDRAM_i/clk_wiz_1/inst/clk_blaze_DemoSDRAM_clk_wiz_1_0_en_clk |
| g2        | src1      | BUFG/O          | None       | BUFGCTRL_X0Y2 | n/a          |      |                   |                 4 |        1987 |               0 |       20.833 | dclk_mmcm                                                               | dbg_hub/inst/USE_DIVIDER.BUFG_inst_div/O                             | dbg_hub/inst/sl_iport0_o[1]                                       |
| g3        | src2      | BUFG/O          | None       | BUFGCTRL_X0Y3 | n/a          |      |                   |                 2 |         361 |               0 |       33.000 | dbg_hub/inst/SWITCH_N_EXT_BSCAN.bscan_inst/SERIES7_BSCAN.bscan_inst/TCK | dbg_hub/inst/SWITCH_N_EXT_BSCAN.u_bufg_icon_tck/O                    | dbg_hub/inst/itck_i                                               |
| g4        | src3      | BUFG/O          | None       | BUFGCTRL_X0Y4 | n/a          |      |                   |                 2 |         291 |               0 |       33.333 | DemoSDRAM_i/mdm_1/U0/Use_E2.BSCAN_I/Use_E2.BSCANE2_I/DRCK               | DemoSDRAM_i/mdm_1/U0/No_Dbg_Reg_Access.BUFG_DRCK/Using_FPGA.Native/O | DemoSDRAM_i/mdm_1/U0/No_Dbg_Reg_Access.BUFG_DRCK/Dbg_Clk_31       |
| g5        | src0      | BUFH/O          | None       | BUFHCE_X0Y13  | X0Y1         |      |                   |                 1 |           8 |               0 |       20.833 | clk_sdram_DemoSDRAM_clk_wiz_1_0                                         | DemoSDRAM_i/clk_wiz_1/inst/clkout2_buf_en/O                          | DemoSDRAM_i/clk_wiz_1/inst/clk_sdram_DemoSDRAM_clk_wiz_1_0_en_clk |
| g6        | src0      | BUFGCTRL/O      | None       | BUFGCTRL_X0Y1 | n/a          | n/a  | n/a               |                 1 |           0 |               1 |       20.833 | clk_sdram_DemoSDRAM_clk_wiz_1_0                                         | DemoSDRAM_i/clk_wiz_1/inst/clkout2_buf/O                             | DemoSDRAM_i/clk_wiz_1/inst/clk_sdram                              |
| g7        | src0      | BUFG/O          | None       | BUFGCTRL_X0Y5 | n/a          |      |                   |                 1 |           1 |               0 |       83.333 | clkfbout_DemoSDRAM_clk_wiz_1_0                                          | DemoSDRAM_i/clk_wiz_1/inst/clkf_buf/O                                | DemoSDRAM_i/clk_wiz_1/inst/clkfbout_buf_DemoSDRAM_clk_wiz_1_0     |
+-----------+-----------+-----------------+------------+---------------+--------------+------+-------------------+-------------------+-------------+-----------------+--------------+-------------------------------------------------------------------------+----------------------------------------------------------------------+-------------------------------------------------------------------+
* Clock Loads column represents the clock pin loads (pin count)
** Non-Clock Loads column represents the non-clock pin loads (pin count)


3. Global Clock Source Details
------------------------------

+-----------+-----------+---------------------+------------+-----------------+--------------+-------------+-----------------+---------------------+-------------------------------------------------------------------------+-------------------------------------------------------------------------+------------------------------------------------------------+
| Source Id | Global Id | Driver Type/Pin     | Constraint | Site            | Clock Region | Clock Loads | Non-Clock Loads | Source Clock Period | Source Clock                                                            | Driver Pin                                                              | Net                                                        |
+-----------+-----------+---------------------+------------+-----------------+--------------+-------------+-----------------+---------------------+-------------------------------------------------------------------------+-------------------------------------------------------------------------+------------------------------------------------------------+
| src0      | g0, g1    | MMCME2_ADV/CLKOUT0  | None       | MMCME2_ADV_X0Y1 | X0Y1         |           2 |               0 |              20.833 | clk_blaze_DemoSDRAM_clk_wiz_1_0                                         | DemoSDRAM_i/clk_wiz_1/inst/mmcm_adv_inst/CLKOUT0                        | DemoSDRAM_i/clk_wiz_1/inst/clk_blaze_DemoSDRAM_clk_wiz_1_0 |
| src0      | g5, g6    | MMCME2_ADV/CLKOUT1  | None       | MMCME2_ADV_X0Y1 | X0Y1         |           2 |               0 |              20.833 | clk_sdram_DemoSDRAM_clk_wiz_1_0                                         | DemoSDRAM_i/clk_wiz_1/inst/mmcm_adv_inst/CLKOUT1                        | DemoSDRAM_i/clk_wiz_1/inst/clk_sdram_DemoSDRAM_clk_wiz_1_0 |
| src0      | g7        | MMCME2_ADV/CLKFBOUT | None       | MMCME2_ADV_X0Y1 | X0Y1         |           1 |               0 |              83.333 | clkfbout_DemoSDRAM_clk_wiz_1_0                                          | DemoSDRAM_i/clk_wiz_1/inst/mmcm_adv_inst/CLKFBOUT                       | DemoSDRAM_i/clk_wiz_1/inst/clkfbout_DemoSDRAM_clk_wiz_1_0  |
| src1      | g2        | MMCME2_ADV/CLKOUT0  | None       | MMCME2_ADV_X1Y0 | X1Y0         |           1 |               0 |              20.833 | dclk_mmcm                                                               | dbg_hub/inst/USE_DIVIDER.U_GT_MMCM/CLKOUT0                              | dbg_hub/inst/dclk_mmcm                                     |
| src2      | g3        | BSCANE2/TCK         | None       | BSCAN_X0Y0      | X0Y2         |           1 |               0 |              33.000 | dbg_hub/inst/SWITCH_N_EXT_BSCAN.bscan_inst/SERIES7_BSCAN.bscan_inst/TCK | dbg_hub/inst/SWITCH_N_EXT_BSCAN.bscan_inst/SERIES7_BSCAN.bscan_inst/TCK | dbg_hub/inst/SWITCH_N_EXT_BSCAN.bscan_inst/tck_bs          |
| src3      | g4        | BSCANE2/DRCK        | None       | BSCAN_X0Y1      | X0Y2         |           1 |               0 |              33.333 | DemoSDRAM_i/mdm_1/U0/Use_E2.BSCAN_I/Use_E2.BSCANE2_I/DRCK               | DemoSDRAM_i/mdm_1/U0/Use_E2.BSCAN_I/Use_E2.BSCANE2_I/DRCK               | DemoSDRAM_i/mdm_1/U0/Use_E2.BSCAN_I/drck_i                 |
+-----------+-----------+---------------------+------------+-----------------+--------------+-------------+-----------------+---------------------+-------------------------------------------------------------------------+-------------------------------------------------------------------------+------------------------------------------------------------+
* Clock Loads column represents the clock pin loads (pin count)
** Non-Clock Loads column represents the non-clock pin loads (pin count)


4. Clock Regions: Key Resource Utilization
------------------------------------------

+-------------------+--------------+--------------+--------------+--------------+--------------+--------------+--------------+--------------+--------------+--------------+--------------+--------------+--------------+--------------+--------------+
|                   | Global Clock |     BUFRs    |    BUFMRs    |    BUFIOs    |     MMCM     |      PLL     |      GT      |      PCI     |    ILOGIC    |    OLOGIC    |      FF      |     LUTM     |    RAMB18    |    RAMB36    |    DSP48E2   |
+-------------------+------+-------+------+-------+------+-------+------+-------+------+-------+------+-------+------+-------+------+-------+------+-------+------+-------+------+-------+------+-------+------+-------+------+-------+------+-------+
| Clock Region Name | Used | Avail | Used | Avail | Used | Avail | Used | Avail | Used | Avail | Used | Avail | Used | Avail | Used | Avail | Used | Avail | Used | Avail | Used | Avail | Used | Avail | Used | Avail | Used | Avail | Used | Avail |
+-------------------+------+-------+------+-------+------+-------+------+-------+------+-------+------+-------+------+-------+------+-------+------+-------+------+-------+------+-------+------+-------+------+-------+------+-------+------+-------+
| X0Y0              |    0 |    12 |    0 |     4 |    0 |     2 |    0 |     4 |    0 |     1 |    0 |     1 |    0 |     4 |    0 |     0 |    0 |    50 |    0 |    50 |    0 |  2700 |    0 |   800 |    0 |    60 |    0 |    30 |    0 |    60 |
| X1Y0              |    1 |    12 |    0 |     4 |    0 |     2 |    0 |     4 |    1 |     1 |    0 |     1 |    0 |     4 |    0 |     0 |    0 |    50 |    0 |    50 |    0 |  2500 |    0 |   800 |    0 |    40 |    0 |    20 |    0 |    40 |
| X0Y1              |    5 |    12 |    0 |     4 |    0 |     2 |    0 |     4 |    1 |     1 |    0 |     1 |    0 |     0 |    0 |     0 |    0 |    50 |    0 |    50 |   38 |  4200 |   16 |  1400 |    0 |   100 |    2 |    50 |    0 |   100 |
| X1Y1              |    3 |    12 |    0 |     4 |    0 |     2 |    0 |     4 |    0 |     1 |    0 |     1 |    0 |     0 |    0 |     0 |    0 |    50 |    0 |    50 |  416 |  4000 |  125 |  1400 |    0 |    80 |   10 |    40 |    0 |    80 |
| X0Y2              |    2 |    12 |    0 |     4 |    0 |     2 |    0 |     4 |    0 |     1 |    0 |     1 |    0 |     0 |    0 |     0 |    0 |    50 |    0 |    50 |    9 |  3600 |    0 |  1400 |    0 |   100 |    2 |    50 |    0 |   100 |
| X1Y2              |    4 |    12 |    0 |     4 |    0 |     2 |    0 |     4 |    0 |     1 |    0 |     1 |    0 |     0 |    0 |     0 |    0 |    50 |    0 |    50 | 3759 |  4000 | 1382 |  1400 |    0 |    80 |   19 |    40 |    1 |    80 |
| X0Y3              |    0 |    12 |    0 |     4 |    0 |     2 |    0 |     4 |    0 |     1 |    0 |     1 |    0 |     0 |    0 |     0 |    0 |    50 |    0 |    50 |    0 |  3600 |    0 |  1400 |    0 |   100 |    0 |    50 |    0 |   100 |
| X1Y3              |    2 |    12 |    0 |     4 |    0 |     2 |    0 |     4 |    0 |     1 |    0 |     1 |    0 |     0 |    0 |     0 |    0 |    50 |   20 |    50 | 5099 |  4000 | 1371 |  1400 |    0 |    80 |    7 |    40 |    4 |    80 |
| X0Y4              |    2 |    12 |    0 |     4 |    0 |     2 |    0 |     4 |    0 |     1 |    0 |     1 |    0 |     4 |    0 |     1 |    0 |    50 |   17 |    50 |   17 |  2550 |    0 |   750 |    0 |    50 |    0 |    25 |    0 |    60 |
| X1Y4              |    0 |    12 |    0 |     4 |    0 |     2 |    0 |     4 |    0 |     1 |    0 |     1 |    0 |     4 |    0 |     0 |    0 |    50 |    0 |    50 |    0 |  2500 |    0 |   800 |    0 |    40 |    0 |    20 |    0 |    40 |
+-------------------+------+-------+------+-------+------+-------+------+-------+------+-------+------+-------+------+-------+------+-------+------+-------+------+-------+------+-------+------+-------+------+-------+------+-------+------+-------+
* Global Clock column represents track count; while other columns represents cell counts


5. Clock Regions : Global Clock Summary
---------------------------------------

+----+----+----+
|    | X0 | X1 |
+----+----+----+
| Y4 |  2 |  0 |
| Y3 |  0 |  2 |
| Y2 |  2 |  4 |
| Y1 |  5 |  3 |
| Y0 |  0 |  1 |
+----+----+----+


6. Cell Type Counts per Global Clock: Region X1Y0
-------------------------------------------------

+-----------+-------+-----------------+------------+-------------+-----------------+----+--------+------+-----+----+------+-----+---------+--------------------------------------+
| Global Id | Track | Driver Type/Pin | Constraint | Clock Loads | Non-Clock Loads | FF | LUTRAM | RAMB | DSP | GT | MMCM | PLL | Hard IP | Net                                  |
+-----------+-------+-----------------+------------+-------------+-----------------+----+--------+------+-----+----+------+-----+---------+--------------------------------------+
| g0        | n/a   | BUFGCTRL/O      | None       |           1 |               0 |  0 |      0 |    0 |   0 |  0 |    1 |   0 |       0 | DemoSDRAM_i/clk_wiz_1/inst/clk_blaze |
+-----------+-------+-----------------+------------+-------------+-----------------+----+--------+------+-----+----+------+-----+---------+--------------------------------------+
* Clock Loads column represents the clock pin loads (pin count)
** Non-Clock Loads column represents the non-clock pin loads (pin count)
*** Columns FF, LUTRAM, RAMB through 'Hard IP' represents load cell counts


7. Cell Type Counts per Global Clock: Region X0Y1
-------------------------------------------------

+-----------+-------+-----------------+------------+-------------+-----------------+----+--------+------+-----+----+------+-----+---------+-------------------------------------------------------------------+
| Global Id | Track | Driver Type/Pin | Constraint | Clock Loads | Non-Clock Loads | FF | LUTRAM | RAMB | DSP | GT | MMCM | PLL | Hard IP | Net                                                               |
+-----------+-------+-----------------+------------+-------------+-----------------+----+--------+------+-----+----+------+-----+---------+-------------------------------------------------------------------+
| g0        | n/a   | BUFGCTRL/O      | None       |          23 |               0 | 13 |      8 |    2 |   0 |  0 |    0 |   0 |       0 | DemoSDRAM_i/clk_wiz_1/inst/clk_blaze                              |
| g2        | n/a   | BUFG/O          | None       |          11 |               0 |  9 |      0 |    2 |   0 |  0 |    0 |   0 |       0 | dbg_hub/inst/sl_iport0_o[1]                                       |
| g1        | n/a   | BUFH/O          | None       |           8 |               0 |  8 |      0 |    0 |   0 |  0 |    0 |   0 |       0 | DemoSDRAM_i/clk_wiz_1/inst/clk_blaze_DemoSDRAM_clk_wiz_1_0_en_clk |
| g5        | n/a   | BUFH/O          | None       |           8 |               0 |  8 |      0 |    0 |   0 |  0 |    0 |   0 |       0 | DemoSDRAM_i/clk_wiz_1/inst/clk_sdram_DemoSDRAM_clk_wiz_1_0_en_clk |
| g7        | n/a   | BUFG/O          | None       |           1 |               0 |  0 |      0 |    0 |   0 |  0 |    1 |   0 |       0 | DemoSDRAM_i/clk_wiz_1/inst/clkfbout_buf_DemoSDRAM_clk_wiz_1_0     |
+-----------+-------+-----------------+------------+-------------+-----------------+----+--------+------+-----+----+------+-----+---------+-------------------------------------------------------------------+
* Clock Loads column represents the clock pin loads (pin count)
** Non-Clock Loads column represents the non-clock pin loads (pin count)
*** Columns FF, LUTRAM, RAMB through 'Hard IP' represents load cell counts


8. Cell Type Counts per Global Clock: Region X1Y1
-------------------------------------------------

+-----------+-------+-----------------+------------+-------------+-----------------+-----+--------+------+-----+----+------+-----+---------+--------------------------------------+
| Global Id | Track | Driver Type/Pin | Constraint | Clock Loads | Non-Clock Loads | FF  | LUTRAM | RAMB | DSP | GT | MMCM | PLL | Hard IP | Net                                  |
+-----------+-------+-----------------+------------+-------------+-----------------+-----+--------+------+-----+----+------+-----+---------+--------------------------------------+
| g0        | n/a   | BUFGCTRL/O      | None       |          10 |               0 |   0 |      0 |   10 |   0 |  0 |    0 |   0 |       0 | DemoSDRAM_i/clk_wiz_1/inst/clk_blaze |
| g2        | n/a   | BUFG/O          | None       |         381 |               0 | 368 |      3 |   10 |   0 |  0 |    0 |   0 |       0 | dbg_hub/inst/sl_iport0_o[1]          |
| g3        | n/a   | BUFG/O          | None       |          48 |               0 |  48 |      0 |    0 |   0 |  0 |    0 |   0 |       0 | dbg_hub/inst/itck_i                  |
+-----------+-------+-----------------+------------+-------------+-----------------+-----+--------+------+-----+----+------+-----+---------+--------------------------------------+
* Clock Loads column represents the clock pin loads (pin count)
** Non-Clock Loads column represents the non-clock pin loads (pin count)
*** Columns FF, LUTRAM, RAMB through 'Hard IP' represents load cell counts


9. Cell Type Counts per Global Clock: Region X0Y2
-------------------------------------------------

+-----------+-------+-----------------+------------+-------------+-----------------+----+--------+------+-----+----+------+-----+---------+--------------------------------------+
| Global Id | Track | Driver Type/Pin | Constraint | Clock Loads | Non-Clock Loads | FF | LUTRAM | RAMB | DSP | GT | MMCM | PLL | Hard IP | Net                                  |
+-----------+-------+-----------------+------------+-------------+-----------------+----+--------+------+-----+----+------+-----+---------+--------------------------------------+
| g0        | n/a   | BUFGCTRL/O      | None       |           2 |               0 |  0 |      0 |    2 |   0 |  0 |    0 |   0 |       0 | DemoSDRAM_i/clk_wiz_1/inst/clk_blaze |
| g2        | n/a   | BUFG/O          | None       |          11 |               0 |  9 |      0 |    2 |   0 |  0 |    0 |   0 |       0 | dbg_hub/inst/sl_iport0_o[1]          |
+-----------+-------+-----------------+------------+-------------+-----------------+----+--------+------+-----+----+------+-----+---------+--------------------------------------+
* Clock Loads column represents the clock pin loads (pin count)
** Non-Clock Loads column represents the non-clock pin loads (pin count)
*** Columns FF, LUTRAM, RAMB through 'Hard IP' represents load cell counts


10. Cell Type Counts per Global Clock: Region X1Y2
--------------------------------------------------

+-----------+-------+-----------------+------------+-------------+-----------------+------+--------+------+-----+----+------+-----+---------+-------------------------------------------------------------+
| Global Id | Track | Driver Type/Pin | Constraint | Clock Loads | Non-Clock Loads | FF   | LUTRAM | RAMB | DSP | GT | MMCM | PLL | Hard IP | Net                                                         |
+-----------+-------+-----------------+------------+-------------+-----------------+------+--------+------+-----+----+------+-----+---------+-------------------------------------------------------------+
| g0        | n/a   | BUFGCTRL/O      | None       |        2074 |               0 | 1825 |    229 |   19 |   1 |  0 |    0 |   0 |       0 | DemoSDRAM_i/clk_wiz_1/inst/clk_blaze                        |
| g2        | n/a   | BUFG/O          | None       |        1477 |               0 | 1420 |     42 |   15 |   0 |  0 |    0 |   0 |       0 | dbg_hub/inst/sl_iport0_o[1]                                 |
| g3        | n/a   | BUFG/O          | None       |         310 |               0 |  310 |      0 |    0 |   0 |  0 |    0 |   0 |       0 | dbg_hub/inst/itck_i                                         |
| g4        | n/a   | BUFG/O          | None       |         243 |               0 |  204 |     39 |    0 |   0 |  0 |    0 |   0 |       0 | DemoSDRAM_i/mdm_1/U0/No_Dbg_Reg_Access.BUFG_DRCK/Dbg_Clk_31 |
+-----------+-------+-----------------+------------+-------------+-----------------+------+--------+------+-----+----+------+-----+---------+-------------------------------------------------------------+
* Clock Loads column represents the clock pin loads (pin count)
** Non-Clock Loads column represents the non-clock pin loads (pin count)
*** Columns FF, LUTRAM, RAMB through 'Hard IP' represents load cell counts


11. Cell Type Counts per Global Clock: Region X1Y3
--------------------------------------------------

+-----------+-------+-----------------+------------+-------------+-----------------+------+--------+------+-----+----+------+-----+---------+-------------------------------------------------------------+
| Global Id | Track | Driver Type/Pin | Constraint | Clock Loads | Non-Clock Loads | FF   | LUTRAM | RAMB | DSP | GT | MMCM | PLL | Hard IP | Net                                                         |
+-----------+-------+-----------------+------------+-------------+-----------------+------+--------+------+-----+----+------+-----+---------+-------------------------------------------------------------+
| g0        | n/a   | BUFGCTRL/O      | None       |        5125 |               0 | 5073 |     41 |    7 |   4 |  0 |    0 |   0 |       0 | DemoSDRAM_i/clk_wiz_1/inst/clk_blaze                        |
| g4        | n/a   | BUFG/O          | None       |          48 |               0 |   26 |     22 |    0 |   0 |  0 |    0 |   0 |       0 | DemoSDRAM_i/mdm_1/U0/No_Dbg_Reg_Access.BUFG_DRCK/Dbg_Clk_31 |
+-----------+-------+-----------------+------------+-------------+-----------------+------+--------+------+-----+----+------+-----+---------+-------------------------------------------------------------+
* Clock Loads column represents the clock pin loads (pin count)
** Non-Clock Loads column represents the non-clock pin loads (pin count)
*** Columns FF, LUTRAM, RAMB through 'Hard IP' represents load cell counts


12. Cell Type Counts per Global Clock: Region X0Y4
--------------------------------------------------

+-----------+-------+-----------------+------------+-------------+-----------------+----+--------+------+-----+----+------+-----+---------+--------------------------------------+
| Global Id | Track | Driver Type/Pin | Constraint | Clock Loads | Non-Clock Loads | FF | LUTRAM | RAMB | DSP | GT | MMCM | PLL | Hard IP | Net                                  |
+-----------+-------+-----------------+------------+-------------+-----------------+----+--------+------+-----+----+------+-----+---------+--------------------------------------+
| g0        | n/a   | BUFGCTRL/O      | None       |          17 |               0 | 17 |      0 |    0 |   0 |  0 |    0 |   0 |       0 | DemoSDRAM_i/clk_wiz_1/inst/clk_blaze |
| g6        | n/a   | BUFGCTRL/O      | None       |           0 |               1 |  0 |      0 |    0 |   0 |  0 |    0 |   0 |       0 | DemoSDRAM_i/clk_wiz_1/inst/clk_sdram |
+-----------+-------+-----------------+------------+-------------+-----------------+----+--------+------+-----+----+------+-----+---------+--------------------------------------+
* Clock Loads column represents the clock pin loads (pin count)
** Non-Clock Loads column represents the non-clock pin loads (pin count)
*** Columns FF, LUTRAM, RAMB through 'Hard IP' represents load cell counts


13. Load Cell Placement Summary for Global Clock g0
---------------------------------------------------

+-----------+-----------------+-------------------+---------------------------------+-------------+----------------+----------+-------------+----------+----------------+----------+--------------------------------------+
| Global Id | Driver Type/Pin | Driver Region (D) | Clock                           | Period (ns) | Waveform (ns)  | Root (R) | Slice Loads | IO Loads | Clocking Loads | GT Loads | Net                                  |
+-----------+-----------------+-------------------+---------------------------------+-------------+----------------+----------+-------------+----------+----------------+----------+--------------------------------------+
| g0        | BUFGCTRL/O      | n/a               | clk_blaze_DemoSDRAM_clk_wiz_1_0 |      20.833 | {0.000 10.417} |          |        7251 |        0 |              1 |        0 | DemoSDRAM_i/clk_wiz_1/inst/clk_blaze |
+-----------+-----------------+-------------------+---------------------------------+-------------+----------------+----------+-------------+----------+----------------+----------+--------------------------------------+
* Slice Loads column represents load cell count of all cell types other than IO, GT and clock resources
** IO Loads column represents load cell count of IO types
*** Clocking Loads column represents load cell count that are clock resources (global clock buffer, MMCM, PLL, etc)
**** GT Loads column represents load cell count of GT types


+----+-----+-------+
|    | X0  | X1    |
+----+-----+-------+
| Y4 |  17 |     0 |
| Y3 |   0 |  5125 |
| Y2 |   2 |  2074 |
| Y1 |  23 |    10 |
| Y0 |   0 |     1 |
+----+-----+-------+


14. Load Cell Placement Summary for Global Clock g1
---------------------------------------------------

+-----------+-----------------+-------------------+---------------------------------+-------------+----------------+----------+-------------+----------+----------------+----------+-------------------------------------------------------------------+
| Global Id | Driver Type/Pin | Driver Region (D) | Clock                           | Period (ns) | Waveform (ns)  | Root (R) | Slice Loads | IO Loads | Clocking Loads | GT Loads | Net                                                               |
+-----------+-----------------+-------------------+---------------------------------+-------------+----------------+----------+-------------+----------+----------------+----------+-------------------------------------------------------------------+
| g1        | BUFH/O          | X0Y1              | clk_blaze_DemoSDRAM_clk_wiz_1_0 |      20.833 | {0.000 10.417} |          |           8 |        0 |              0 |        0 | DemoSDRAM_i/clk_wiz_1/inst/clk_blaze_DemoSDRAM_clk_wiz_1_0_en_clk |
+-----------+-----------------+-------------------+---------------------------------+-------------+----------------+----------+-------------+----------+----------------+----------+-------------------------------------------------------------------+
* Slice Loads column represents load cell count of all cell types other than IO, GT and clock resources
** IO Loads column represents load cell count of IO types
*** Clocking Loads column represents load cell count that are clock resources (global clock buffer, MMCM, PLL, etc)
**** GT Loads column represents load cell count of GT types


+----+--------+----+
|    | X0     | X1 |
+----+--------+----+
| Y4 |      0 |  0 |
| Y3 |      0 |  0 |
| Y2 |      0 |  0 |
| Y1 |  (D) 8 |  0 |
| Y0 |      0 |  0 |
+----+--------+----+


15. Load Cell Placement Summary for Global Clock g2
---------------------------------------------------

+-----------+-----------------+-------------------+-----------+-------------+----------------+----------+-------------+----------+----------------+----------+-----------------------------+
| Global Id | Driver Type/Pin | Driver Region (D) | Clock     | Period (ns) | Waveform (ns)  | Root (R) | Slice Loads | IO Loads | Clocking Loads | GT Loads | Net                         |
+-----------+-----------------+-------------------+-----------+-------------+----------------+----------+-------------+----------+----------------+----------+-----------------------------+
| g2        | BUFG/O          | n/a               | dclk_mmcm |      20.833 | {0.000 10.417} |          |        1880 |        0 |              0 |        0 | dbg_hub/inst/sl_iport0_o[1] |
+-----------+-----------------+-------------------+-----------+-------------+----------------+----------+-------------+----------+----------------+----------+-----------------------------+
* Slice Loads column represents load cell count of all cell types other than IO, GT and clock resources
** IO Loads column represents load cell count of IO types
*** Clocking Loads column represents load cell count that are clock resources (global clock buffer, MMCM, PLL, etc)
**** GT Loads column represents load cell count of GT types


+----+-----+-------+
|    | X0  | X1    |
+----+-----+-------+
| Y4 |   0 |     0 |
| Y3 |   0 |     0 |
| Y2 |  11 |  1477 |
| Y1 |  11 |   381 |
| Y0 |   0 |     0 |
+----+-----+-------+


16. Load Cell Placement Summary for Global Clock g3
---------------------------------------------------

+-----------+-----------------+-------------------+-------------------------------------------------------------------------+-------------+----------------+----------+-------------+----------+----------------+----------+---------------------+
| Global Id | Driver Type/Pin | Driver Region (D) | Clock                                                                   | Period (ns) | Waveform (ns)  | Root (R) | Slice Loads | IO Loads | Clocking Loads | GT Loads | Net                 |
+-----------+-----------------+-------------------+-------------------------------------------------------------------------+-------------+----------------+----------+-------------+----------+----------------+----------+---------------------+
| g3        | BUFG/O          | n/a               | dbg_hub/inst/SWITCH_N_EXT_BSCAN.bscan_inst/SERIES7_BSCAN.bscan_inst/TCK |      33.000 | {0.000 16.500} |          |         358 |        0 |              0 |        0 | dbg_hub/inst/itck_i |
+-----------+-----------------+-------------------+-------------------------------------------------------------------------+-------------+----------------+----------+-------------+----------+----------------+----------+---------------------+
* Slice Loads column represents load cell count of all cell types other than IO, GT and clock resources
** IO Loads column represents load cell count of IO types
*** Clocking Loads column represents load cell count that are clock resources (global clock buffer, MMCM, PLL, etc)
**** GT Loads column represents load cell count of GT types


+----+----+------+
|    | X0 | X1   |
+----+----+------+
| Y4 |  0 |    0 |
| Y3 |  0 |    0 |
| Y2 |  0 |  310 |
| Y1 |  0 |   48 |
| Y0 |  0 |    0 |
+----+----+------+


17. Load Cell Placement Summary for Global Clock g4
---------------------------------------------------

+-----------+-----------------+-------------------+-----------------------------------------------------------+-------------+----------------+----------+-------------+----------+----------------+----------+-------------------------------------------------------------+
| Global Id | Driver Type/Pin | Driver Region (D) | Clock                                                     | Period (ns) | Waveform (ns)  | Root (R) | Slice Loads | IO Loads | Clocking Loads | GT Loads | Net                                                         |
+-----------+-----------------+-------------------+-----------------------------------------------------------+-------------+----------------+----------+-------------+----------+----------------+----------+-------------------------------------------------------------+
| g4        | BUFG/O          | n/a               | DemoSDRAM_i/mdm_1/U0/Use_E2.BSCAN_I/Use_E2.BSCANE2_I/DRCK |      33.333 | {0.000 16.667} |          |         291 |        0 |              0 |        0 | DemoSDRAM_i/mdm_1/U0/No_Dbg_Reg_Access.BUFG_DRCK/Dbg_Clk_31 |
+-----------+-----------------+-------------------+-----------------------------------------------------------+-------------+----------------+----------+-------------+----------+----------------+----------+-------------------------------------------------------------+
* Slice Loads column represents load cell count of all cell types other than IO, GT and clock resources
** IO Loads column represents load cell count of IO types
*** Clocking Loads column represents load cell count that are clock resources (global clock buffer, MMCM, PLL, etc)
**** GT Loads column represents load cell count of GT types


+----+----+------+
|    | X0 | X1   |
+----+----+------+
| Y4 |  0 |    0 |
| Y3 |  0 |   48 |
| Y2 |  0 |  243 |
| Y1 |  0 |    0 |
| Y0 |  0 |    0 |
+----+----+------+


18. Load Cell Placement Summary for Global Clock g5
---------------------------------------------------

+-----------+-----------------+-------------------+---------------------------------+-------------+----------------+----------+-------------+----------+----------------+----------+-------------------------------------------------------------------+
| Global Id | Driver Type/Pin | Driver Region (D) | Clock                           | Period (ns) | Waveform (ns)  | Root (R) | Slice Loads | IO Loads | Clocking Loads | GT Loads | Net                                                               |
+-----------+-----------------+-------------------+---------------------------------+-------------+----------------+----------+-------------+----------+----------------+----------+-------------------------------------------------------------------+
| g5        | BUFH/O          | X0Y1              | clk_sdram_DemoSDRAM_clk_wiz_1_0 |      20.833 | {-1.042 9.375} |          |           8 |        0 |              0 |        0 | DemoSDRAM_i/clk_wiz_1/inst/clk_sdram_DemoSDRAM_clk_wiz_1_0_en_clk |
+-----------+-----------------+-------------------+---------------------------------+-------------+----------------+----------+-------------+----------+----------------+----------+-------------------------------------------------------------------+
* Slice Loads column represents load cell count of all cell types other than IO, GT and clock resources
** IO Loads column represents load cell count of IO types
*** Clocking Loads column represents load cell count that are clock resources (global clock buffer, MMCM, PLL, etc)
**** GT Loads column represents load cell count of GT types


+----+--------+----+
|    | X0     | X1 |
+----+--------+----+
| Y4 |      0 |  0 |
| Y3 |      0 |  0 |
| Y2 |      0 |  0 |
| Y1 |  (D) 8 |  0 |
| Y0 |      0 |  0 |
+----+--------+----+


19. Load Cell Placement Summary for Global Clock g6
---------------------------------------------------

+-----------+-----------------+-------------------+---------------------------------+-------------+----------------+----------+-------------+----------+----------------+----------+--------------------------------------+
| Global Id | Driver Type/Pin | Driver Region (D) | Clock                           | Period (ns) | Waveform (ns)  | Root (R) | Slice Loads | IO Loads | Clocking Loads | GT Loads | Net                                  |
+-----------+-----------------+-------------------+---------------------------------+-------------+----------------+----------+-------------+----------+----------------+----------+--------------------------------------+
| g6        | BUFGCTRL/O      | n/a               | clk_sdram_DemoSDRAM_clk_wiz_1_0 |      20.833 | {-1.042 9.375} |          |           0 |        1 |              0 |        0 | DemoSDRAM_i/clk_wiz_1/inst/clk_sdram |
+-----------+-----------------+-------------------+---------------------------------+-------------+----------------+----------+-------------+----------+----------------+----------+--------------------------------------+
* Slice Loads column represents load cell count of all cell types other than IO, GT and clock resources
** IO Loads column represents load cell count of IO types
*** Clocking Loads column represents load cell count that are clock resources (global clock buffer, MMCM, PLL, etc)
**** GT Loads column represents load cell count of GT types


+----+----+----+
|    | X0 | X1 |
+----+----+----+
| Y4 |  1 |  0 |
| Y3 |  0 |  0 |
| Y2 |  0 |  0 |
| Y1 |  0 |  0 |
| Y0 |  0 |  0 |
+----+----+----+


20. Load Cell Placement Summary for Global Clock g7
---------------------------------------------------

+-----------+-----------------+-------------------+--------------------------------+-------------+----------------+----------+-------------+----------+----------------+----------+---------------------------------------------------------------+
| Global Id | Driver Type/Pin | Driver Region (D) | Clock                          | Period (ns) | Waveform (ns)  | Root (R) | Slice Loads | IO Loads | Clocking Loads | GT Loads | Net                                                           |
+-----------+-----------------+-------------------+--------------------------------+-------------+----------------+----------+-------------+----------+----------------+----------+---------------------------------------------------------------+
| g7        | BUFG/O          | n/a               | clkfbout_DemoSDRAM_clk_wiz_1_0 |      83.333 | {0.000 41.667} |          |           0 |        0 |              1 |        0 | DemoSDRAM_i/clk_wiz_1/inst/clkfbout_buf_DemoSDRAM_clk_wiz_1_0 |
+-----------+-----------------+-------------------+--------------------------------+-------------+----------------+----------+-------------+----------+----------------+----------+---------------------------------------------------------------+
* Slice Loads column represents load cell count of all cell types other than IO, GT and clock resources
** IO Loads column represents load cell count of IO types
*** Clocking Loads column represents load cell count that are clock resources (global clock buffer, MMCM, PLL, etc)
**** GT Loads column represents load cell count of GT types


+----+----+----+
|    | X0 | X1 |
+----+----+----+
| Y4 |  0 |  0 |
| Y3 |  0 |  0 |
| Y2 |  0 |  0 |
| Y1 |  1 |  0 |
| Y0 |  0 |  0 |
+----+----+----+



# Location of BUFG Primitives 
set_property LOC BUFGCTRL_X0Y2 [get_cells dbg_hub/inst/USE_DIVIDER.BUFG_inst_div]
set_property LOC BUFGCTRL_X0Y3 [get_cells dbg_hub/inst/SWITCH_N_EXT_BSCAN.u_bufg_icon_tck]
set_property LOC BUFGCTRL_X0Y4 [get_cells DemoSDRAM_i/mdm_1/U0/No_Dbg_Reg_Access.BUFG_DRCK/Using_FPGA.Native]
set_property LOC BUFGCTRL_X0Y5 [get_cells DemoSDRAM_i/clk_wiz_1/inst/clkf_buf]
set_property LOC BUFGCTRL_X0Y1 [get_cells DemoSDRAM_i/clk_wiz_1/inst/clkout2_buf]
set_property LOC BUFGCTRL_X0Y0 [get_cells DemoSDRAM_i/clk_wiz_1/inst/clkout1_buf]

# Location of BUFH Primitives 
set_property LOC BUFHCE_X0Y13 [get_cells DemoSDRAM_i/clk_wiz_1/inst/clkout2_buf_en]
set_property LOC BUFHCE_X0Y12 [get_cells DemoSDRAM_i/clk_wiz_1/inst/clkout1_buf_en]

# Location of IO Primitives which is load of clock spine
set_property LOC IOB_X0Y235 [get_cells clk_sdram_OBUF_inst]

# Location of clock ports
set_property LOC IOB_X0Y76 [get_ports clk_shared]

# Clock net "dbg_hub/inst/sl_iport0_o[1]" driven by instance "dbg_hub/inst/USE_DIVIDER.BUFG_inst_div" located at site "BUFGCTRL_X0Y2"
#startgroup
create_pblock {CLKAG_dbg_hub/inst/sl_iport0_o[1]}
add_cells_to_pblock [get_pblocks  {CLKAG_dbg_hub/inst/sl_iport0_o[1]}] [get_cells -filter { PRIMITIVE_GROUP != I/O && IS_PRIMITIVE==1 && PRIMITIVE_LEVEL !=INTERNAL } -of_object [get_pins -filter {DIRECTION==IN} -of_objects [get_nets -hierarchical -filter {PARENT=="dbg_hub/inst/sl_iport0_o[1]"}]]]
resize_pblock [get_pblocks {CLKAG_dbg_hub/inst/sl_iport0_o[1]}] -add {CLOCKREGION_X0Y1:CLOCKREGION_X0Y1 CLOCKREGION_X0Y2:CLOCKREGION_X0Y2 CLOCKREGION_X1Y1:CLOCKREGION_X1Y1 CLOCKREGION_X1Y2:CLOCKREGION_X1Y2}
#endgroup

# Clock net "dbg_hub/inst/itck_i" driven by instance "dbg_hub/inst/SWITCH_N_EXT_BSCAN.u_bufg_icon_tck" located at site "BUFGCTRL_X0Y3"
#startgroup
create_pblock {CLKAG_dbg_hub/inst/itck_i}
add_cells_to_pblock [get_pblocks  {CLKAG_dbg_hub/inst/itck_i}] [get_cells -filter { PRIMITIVE_GROUP != I/O && IS_PRIMITIVE==1 && PRIMITIVE_LEVEL !=INTERNAL } -of_object [get_pins -filter {DIRECTION==IN} -of_objects [get_nets -hierarchical -filter {PARENT=="dbg_hub/inst/itck_i"}]]]
resize_pblock [get_pblocks {CLKAG_dbg_hub/inst/itck_i}] -add {CLOCKREGION_X1Y1:CLOCKREGION_X1Y1 CLOCKREGION_X1Y2:CLOCKREGION_X1Y2}
#endgroup

# Clock net "DemoSDRAM_i/mdm_1/U0/No_Dbg_Reg_Access.BUFG_DRCK/Dbg_Clk_31" driven by instance "DemoSDRAM_i/mdm_1/U0/No_Dbg_Reg_Access.BUFG_DRCK/Using_FPGA.Native" located at site "BUFGCTRL_X0Y4"
#startgroup
create_pblock {CLKAG_DemoSDRAM_i/mdm_1/U0/No_Dbg_Reg_Access.BUFG_DRCK/Dbg_Clk_31}
add_cells_to_pblock [get_pblocks  {CLKAG_DemoSDRAM_i/mdm_1/U0/No_Dbg_Reg_Access.BUFG_DRCK/Dbg_Clk_31}] [get_cells -filter { PRIMITIVE_GROUP != I/O && IS_PRIMITIVE==1 && PRIMITIVE_LEVEL !=INTERNAL } -of_object [get_pins -filter {DIRECTION==IN} -of_objects [get_nets -hierarchical -filter {PARENT=="DemoSDRAM_i/mdm_1/U0/No_Dbg_Reg_Access.BUFG_DRCK/Dbg_Clk_31"}]]]
resize_pblock [get_pblocks {CLKAG_DemoSDRAM_i/mdm_1/U0/No_Dbg_Reg_Access.BUFG_DRCK/Dbg_Clk_31}] -add {CLOCKREGION_X1Y2:CLOCKREGION_X1Y2 CLOCKREGION_X1Y3:CLOCKREGION_X1Y3}
#endgroup

# Clock net "DemoSDRAM_i/clk_wiz_1/inst/clk_sdram_DemoSDRAM_clk_wiz_1_0_en_clk" driven by instance "DemoSDRAM_i/clk_wiz_1/inst/clkout2_buf_en" located at site "BUFHCE_X0Y13"
#startgroup
create_pblock {CLKAG_DemoSDRAM_i/clk_wiz_1/inst/clk_sdram_DemoSDRAM_clk_wiz_1_0_en_clk}
add_cells_to_pblock [get_pblocks  {CLKAG_DemoSDRAM_i/clk_wiz_1/inst/clk_sdram_DemoSDRAM_clk_wiz_1_0_en_clk}] [get_cells -filter { PRIMITIVE_GROUP != I/O && IS_PRIMITIVE==1 && PRIMITIVE_LEVEL !=INTERNAL } -of_object [get_pins -filter {DIRECTION==IN} -of_objects [get_nets -hierarchical -filter {PARENT=="DemoSDRAM_i/clk_wiz_1/inst/clk_sdram_DemoSDRAM_clk_wiz_1_0_en_clk"}]]]
resize_pblock [get_pblocks {CLKAG_DemoSDRAM_i/clk_wiz_1/inst/clk_sdram_DemoSDRAM_clk_wiz_1_0_en_clk}] -add {CLOCKREGION_X0Y1:CLOCKREGION_X0Y1}
#endgroup

# Clock net "DemoSDRAM_i/clk_wiz_1/inst/clk_blaze_DemoSDRAM_clk_wiz_1_0_en_clk" driven by instance "DemoSDRAM_i/clk_wiz_1/inst/clkout1_buf_en" located at site "BUFHCE_X0Y12"
#startgroup
create_pblock {CLKAG_DemoSDRAM_i/clk_wiz_1/inst/clk_blaze_DemoSDRAM_clk_wiz_1_0_en_clk}
add_cells_to_pblock [get_pblocks  {CLKAG_DemoSDRAM_i/clk_wiz_1/inst/clk_blaze_DemoSDRAM_clk_wiz_1_0_en_clk}] [get_cells -filter { PRIMITIVE_GROUP != I/O && IS_PRIMITIVE==1 && PRIMITIVE_LEVEL !=INTERNAL } -of_object [get_pins -filter {DIRECTION==IN} -of_objects [get_nets -hierarchical -filter {PARENT=="DemoSDRAM_i/clk_wiz_1/inst/clk_blaze_DemoSDRAM_clk_wiz_1_0_en_clk"}]]]
resize_pblock [get_pblocks {CLKAG_DemoSDRAM_i/clk_wiz_1/inst/clk_blaze_DemoSDRAM_clk_wiz_1_0_en_clk}] -add {CLOCKREGION_X0Y1:CLOCKREGION_X0Y1}
#endgroup

# Clock net "DemoSDRAM_i/clk_wiz_1/inst/clk_blaze" driven by instance "DemoSDRAM_i/clk_wiz_1/inst/clkout1_buf" located at site "BUFGCTRL_X0Y0"
#startgroup
create_pblock {CLKAG_DemoSDRAM_i/clk_wiz_1/inst/clk_blaze}
add_cells_to_pblock [get_pblocks  {CLKAG_DemoSDRAM_i/clk_wiz_1/inst/clk_blaze}] [get_cells -filter { PRIMITIVE_GROUP != I/O && IS_PRIMITIVE==1 && PRIMITIVE_LEVEL !=INTERNAL && NAME!=dbg_hub/inst/USE_DIVIDER.U_GT_MMCM} -of_object [get_pins -filter {DIRECTION==IN} -of_objects [get_nets -hierarchical -filter {PARENT=="DemoSDRAM_i/clk_wiz_1/inst/clk_blaze"}]]]
resize_pblock [get_pblocks {CLKAG_DemoSDRAM_i/clk_wiz_1/inst/clk_blaze}] -add {CLOCKREGION_X0Y1:CLOCKREGION_X0Y1 CLOCKREGION_X0Y2:CLOCKREGION_X0Y2 CLOCKREGION_X0Y4:CLOCKREGION_X0Y4 CLOCKREGION_X1Y1:CLOCKREGION_X1Y1 CLOCKREGION_X1Y2:CLOCKREGION_X1Y2 CLOCKREGION_X1Y3:CLOCKREGION_X1Y3}
#endgroup
